<html>
<body>
<pre>
<h1>µVision Build Log</h1>
<h2>Tool Versions:</h2>
IDE-Version: ¦ÌVision V5.30.0.0
Copyright (C) 2020 ARM Ltd and ARM Germany GmbH. All rights reserved.
License Information: 1111 Windows, HP Inc., LIC=ATTQ1-CN6YL-123LE-5RTVJ-AKNDL-W4BCW
 
Tool Versions:
Toolchain:       MDK-ARM Plus  Version: 5.30.0.0
Toolchain Path:  D:\Keil_v5\ARM\ARMCLANG\Bin
C Compiler:      ArmClang.exe V6.14
Assembler:       Armasm.exe V6.14
Linker/Locator:  ArmLink.exe V6.14
Library Manager: ArmAr.exe V6.14
Hex Converter:   FromElf.exe V6.14
CPU DLL:         SARMCM3.DLL V5.30.0.0
Dialog DLL:      DCM.DLL V1.17.3.0
Target DLL:      CMSIS_AGDI.dll V1.32.5.0
Dialog DLL:      TCM.DLL V1.42.0.0
 
<h2>Project:</h2>
E:\sys\smart_car\18smart_car\RT1064_RTThread\-18-\Seekfree_RT1064_RTThread_Opensource_Library\Project\MDK\RT106X.uvprojx
Project File Date:  12/12/2022

<h2>Output:</h2>
*** Using Compiler 'V6.14', folder: 'D:\Keil_v5\ARM\ARMCLANG\Bin'
Build target 'nor_sdram_zf_dtcm_v6'
compiling button.c...
linking...
Program Size: Code=108656 RO-data=13108 RW-data=280 ZI-data=459496  
".\Objects\RT106X.axf" - 0 Error(s), 0 Warning(s).

<h2>Software Packages used:</h2>

Package Vendor: NXP
                https://mcuxpresso.nxp.com/cmsis_pack/repo/NXP.MIMXRT1064_DFP.14.0.0.pack
                NXP.MIMXRT1064_DFP.14.0.0
                Device Family Pack for MIMXRT1064

<h2>Collection of Component include folders:</h2>
  .\RTE\_nor_sdram_zf_dtcm_v6
  D:\Users\48489\AppData\Local\Arm\Packs\NXP\MIMXRT1064_DFP\14.0.0

<h2>Collection of Component Files used:</h2>
Build Time Elapsed:  00:00:01
</pre>
</body>
</html>
